>>> 2026-01-19 21:06:58 Micropub request to content endpoint

>>> 2026-01-19 21:06:58 Raw microformat payload

Array
(
    [type] => Array
        (
            [0] => h-entry
        )

    [properties] => Array
        (
            [published] => Array
                (
                    [0] => 2026-01-17T15:26:51+00:00
                )

            [syndication] => Array
                (
                    [0] => https://www.swarmapp.com/user/407869714/checkin/696baa3b91c43160ad0ffb50
                )

            [checkin] => Array
                (
                    [0] => Array
                        (
                            [type] => Array
                                (
                                    [0] => h-card
                                )

                            [properties] => Array
                                (
                                    [name] => Array
                                        (
                                            [0] => Belle Epoque Patisserie
                                        )

                                    [url] => Array
                                        (
                                            [0] => https://foursquare.com/v/4aed78f2f964a520a7cd21e3
                                            [1] => http://belleepoque.co.uk
                                        )

                                    [tel] => Array
                                        (
                                            [0] => 020 7249 2222
                                        )

                                    [latitude] => Array
                                        (
                                            [0] => 51.552173337893
                                        )

                                    [longitude] => Array
                                        (
                                            [0] => -0.084804855127591
                                        )

                                    [street-address] => Array
                                        (
                                            [0] => 37 Newington Green
                                        )

                                    [locality] => Array
                                        (
                                            [0] => London
                                        )

                                    [region] => Array
                                        (
                                            [0] => Greater London
                                        )

                                    [country-name] => Array
                                        (
                                            [0] => United Kingdom
                                        )

                                    [postal-code] => Array
                                        (
                                            [0] => N16 9PR
                                        )

                                )

                            [value] => https://foursquare.com/v/4aed78f2f964a520a7cd21e3
                        )

                )

            [location] => Array
                (
                    [0] => Array
                        (
                            [type] => Array
                                (
                                    [0] => h-adr
                                )

                            [properties] => Array
                                (
                                    [latitude] => Array
                                        (
                                            [0] => 51.552173337893
                                        )

                                    [longitude] => Array
                                        (
                                            [0] => -0.084804855127591
                                        )

                                    [street-address] => Array
                                        (
                                            [0] => 37 Newington Green
                                        )

                                    [locality] => Array
                                        (
                                            [0] => London
                                        )

                                    [region] => Array
                                        (
                                            [0] => Greater London
                                        )

                                    [country-name] => Array
                                        (
                                            [0] => United Kingdom
                                        )

                                    [postal-code] => Array
                                        (
                                            [0] => N16 9PR
                                        )

                                )

                        )

                )

        )

)


>>> 2026-01-19 21:06:58 Microformat payload formatted into array $data

Array
(
    [published] => 2026-01-17T15:26:51+00:00
    [syndication] => https://www.swarmapp.com/user/407869714/checkin/696baa3b91c43160ad0ffb50
    [checkin] => Array
        (
            [type] => Array
                (
                    [0] => h-card
                )

            [properties] => Array
                (
                    [name] => Array
                        (
                            [0] => Belle Epoque Patisserie
                        )

                    [url] => Array
                        (
                            [0] => https://foursquare.com/v/4aed78f2f964a520a7cd21e3
                            [1] => http://belleepoque.co.uk
                        )

                    [tel] => Array
                        (
                            [0] => 020 7249 2222
                        )

                    [latitude] => Array
                        (
                            [0] => 51.552173337893
                        )

                    [longitude] => Array
                        (
                            [0] => -0.084804855127591
                        )

                    [street-address] => Array
                        (
                            [0] => 37 Newington Green
                        )

                    [locality] => Array
                        (
                            [0] => London
                        )

                    [region] => Array
                        (
                            [0] => Greater London
                        )

                    [country-name] => Array
                        (
                            [0] => United Kingdom
                        )

                    [postal-code] => Array
                        (
                            [0] => N16 9PR
                        )

                )

            [value] => https://foursquare.com/v/4aed78f2f964a520a7cd21e3
        )

    [location] => Array
        (
            [type] => Array
                (
                    [0] => h-adr
                )

            [properties] => Array
                (
                    [latitude] => Array
                        (
                            [0] => 51.552173337893
                        )

                    [longitude] => Array
                        (
                            [0] => -0.084804855127591
                        )

                    [street-address] => Array
                        (
                            [0] => 37 Newington Green
                        )

                    [locality] => Array
                        (
                            [0] => London
                        )

                    [region] => Array
                        (
                            [0] => Greater London
                        )

                    [country-name] => Array
                        (
                            [0] => United Kingdom
                        )

                    [postal-code] => Array
                        (
                            [0] => N16 9PR
                        )

                )

        )

    [h] => entry
)


>>> 2026-01-19 21:06:58 Content after rendering using the render rules

Array
(
    [title] => Checkin
    [location.properties.name] => 
    [published] => 
    [location.properties.url] => 
    [location.properties.latitude] => 
    [location.properties.longitude] => 
    [location.properties.address] => 
    [location.properties.locality] => 
    [location.properties.region] => 
    [location.properties.country-name] => 
    [location.properties.postal-code] => 
    [location.properties.foursquare-id] => 
    [location.properties.swarm-checkin-id] => 
    [syndication] => https://www.swarmapp.com/user/407869714/checkin/696baa3b91c43160ad0ffb50
)


>>> 2026-01-19 21:06:58 Computed and de-duplicated slug

1768856818

>>> 2026-01-19 21:06:58 Array of attachment files to be saved 

Array
(
)


